[mrhakimsclass.weebly.com/index.html]
[backblue.gif]
[fade.gif]
[index.html]
[cdn2.editmysite.com/css/sitesf8ef.css]
[cdn1.editmysite.com/editor/libraries/fancybox/fancybox53f5.css]
[mrhakimsclass.weebly.com/uploads/3/8/9/1/38919119/header_images/1426445088.png]
[ajax.googleapis.com/ajax/libs/jquery/1.8.3/jquery.min.js]
[cdn2.editmysite.com/js/lang/en/stl1a07.js]
[cdn2.editmysite.com/js/site/mainf8ef.js]
[mrhakimsclass.weebly.com/6th-gr-social-studies.html]
[mrhakimsclass.weebly.com/unit-i-mdash-foundations-of-geography.html]
[mrhakimsclass.weebly.com/unit-ii-mdash-united-states-and-canada.html]
[mrhakimsclass.weebly.com/unit-iii-mdash-latin-america.html]
[mrhakimsclass.weebly.com/current-events.html]
[mrhakimsclass.weebly.com/cranium-club-extra-credit.html]
[mrhakimsclass.weebly.com/7th-gr-social-studies.html]
[mrhakimsclass.weebly.com/unit-i-mdash-sub-saharan-africa.html]
[mrhakimsclass.weebly.com/unit-ii-mdash-north-africamiddle-east.html]
[mrhakimsclass.weebly.com/unit-iii-mdash-europe.html]
[mrhakimsclass.weebly.com/unit-iv-mdash-russia.html]
[mrhakimsclass.weebly.com/unit-v-mdash-asia-australia-oceania-and-antarctica.html]
[mrhakimsclass.weebly.com/current-events1.html]
[mrhakimsclass.weebly.com/8th-gr-literature.html]
[mrhakimsclass.weebly.com/red-badge-of-courage.html]
[mrhakimsclass.weebly.com/the-pearl.html]
[mrhakimsclass.weebly.com/the-giver.html]
[mrhakimsclass.weebly.com/smashwords-anthology-project.html]
[mrhakimsclass.weebly.com/friday-updates.html]
[mrhakimsclass.weebly.com/newspaper.html]
[mrhakimsclass.weebly.com/photos.html]
[mrhakimsclass.weebly.com/photosvideos-2014-2015.html]
[mrhakimsclass.weebly.com/photosvideo-2015-2016.html]
[mrhakimsclass.weebly.com/about.html]
[mrhakimsclass.weebly.com/contact.html]
[cdn2.editmysite.com/js/site/footerSignup2454.js]
[cdn2.editmysite.com/js/wsnbn/snowday262.js]
[secure.quantserve.com/quant.js]
[pixel.quantserve.com/pixel/p-0dYLvhSGGqUWo4fff.gif]
[mrhakimsclass.weebly.com/index.html]
[cdn2.editmysite.com/images/util/videojs/white-bar.png]
[cdn2.editmysite.com/images/util/videojs/@2x/white-bar.png]
[cdn2.editmysite.com/images/util/videojs/gradient.png]
[cdn2.editmysite.com/images/util/videojs/@2x/gradient.png]
[cdn2.editmysite.com/sprites/util/videojs-sacae758aa2.png]
[cdn2.editmysite.com/sprites/util/videojs/@2x-s2aff7e7d9a.png]
[cdn2.editmysite.com/images/util/videojs/volume-filled.png]
[cdn2.editmysite.com/images/util/videojs/@2x/volume-filled.png]
[cdn2.editmysite.com/images/util/videojs/volume-mute.png]
[cdn2.editmysite.com/images/util/videojs/@2x/volume-mute.png]
[cdn2.editmysite.com/images/util/videojs/blue-bar.png]
[cdn2.editmysite.com/images/util/videojs/@2x/blue-bar.png]
[cdn2.editmysite.com/images/util/videojs/maximize-icon.png]
[cdn2.editmysite.com/images/util/videojs/@2x/maximize-icon.png]
[cdn2.editmysite.com/images/util/videojs/minimize-icon.png]
[cdn2.editmysite.com/images/util/videojs/@2x/minimize-icon.png]
[cdn2.editmysite.com/images/util/videojs/play-icon.png]
[cdn2.editmysite.com/images/util/videojs/@2x/play-icon.png]
[cdn2.editmysite.com/images/util/videojs/sad-face.png]
[cdn2.editmysite.com/images/util/videojs/@2x/sad-face.png]
[cdn2.editmysite.com/images/util/videojs/loading-icon.png]
[cdn2.editmysite.com/images/util/videojs/@2x/loading-icon.png]
[cdn2.editmysite.com/images/common/buttons/small_grey.png]
[cdn2.editmysite.com/images/common/buttons/small_blue.png]
[cdn2.editmysite.com/images/old/button/large_grey.png]
[cdn2.editmysite.com/images/common/buttons/large_blue.png]
[cdn2.editmysite.com/images/common/search-light.png]
[cdn2.editmysite.com/images/common/social_icons.png]
[cdn2.editmysite.com/images/common/blog/blog-comment-button.png]
[cdn2.editmysite.com/images/common/blog/blog-comment-header.png]
[cdn2.editmysite.com/images/common/blog/blog-comment-pointer.png]
[cdn2.editmysite.com/images/common/blog/blog-comment-link.png]
[cdn2.editmysite.com/images/common/blog/blog-comment-header-author.png]
[cdn2.editmysite.com/images/common/blog/blog-comment-pointer-author.png]
[cdn2.editmysite.com/images/common/blog/blog-comment-field-bg.png]
[cdn2.editmysite.com/images/common/blog/dark-blog-comment-header.png]
[cdn2.editmysite.com/images/common/blog/dark-blog-comment-pointer.png]
[cdn2.editmysite.com/images/common/blog/dark-blog-comment-header-author.png]
[cdn2.editmysite.com/images/common/blog/dark-blog-comment-pointer-author.png]
[cdn2.editmysite.com/images/common/blog/dark-blog-comment-link.png]
[cdn2.editmysite.com/images/util/general/blank.gif]
[cdn2.editmysite.com/images/common/lightbox/prevlabel.gif]
[cdn2.editmysite.com/images/common/lightbox/nextlabel.gif]
[cdn2.editmysite.com/sprites/util/inputs/checkmarkBox-s7868418152.png]
[cdn2.editmysite.com/sprites/util/inputs/checkmarkBox/@2x-s211a47d318.png]
[cdn2.editmysite.com/images/util/inputs/search-input-bg.jpg]
[cdn2.editmysite.com/images/common/magnifying-glass.png]
[cdn2.editmysite.com/images/common/checkmarks/checkmark-mini.png]
[cdn2.editmysite.com/images/common/checkmarks/@2x/checkmark-mini.png]
[cdn2.editmysite.com/images/common/search-pagination-bg.png]
[cdn2.editmysite.com/images/util/general/top-triangle-000.png]
[cdn2.editmysite.com/images/util/general/bottom-triangle-000.png]
[cdn2.editmysite.com/images/util/general/top-triangle-000@2x.png]
[cdn2.editmysite.com/images/util/general/bottom-triangle-000@2x.png]
[cdn2.editmysite.com/sprites/common/social-icons-s5ea5500bdb.png]
[cdn2.editmysite.com/sprites/common/social-icons/@2x-s0ae7d70c70.png]
[cdn2.editmysite.com/sprites/site/mini-cart-s86c48effae.png]
[cdn2.editmysite.com/sprites/site/mini-cart/@2x-s576cbc3f90.png]
[cdn2.editmysite.com/images/loading.gif]
[cdn2.editmysite.com/sprites/site/mobile/commerce-sdf6d4e852c.png]
[cdn2.editmysite.com/sprites/site/mobile/commerce/@2x-s82f968c453.png]
[cdn2.editmysite.com/images/site/checkout/paypal.png]
[cdn2.editmysite.com/images/site/checkout/@2x/paypal.png]
[cdn2.editmysite.com/images/site/checkout/credit-cards.png]
[cdn2.editmysite.com/images/site/checkout/@2x/credit-cards.png]
[cdn2.editmysite.com/images/site/checkout/print.png]
[cdn2.editmysite.com/images/site/checkout/print@2x.png]
[cdn2.editmysite.com/images/vendor/select2/select2.png]
[cdn2.editmysite.com/images/vendor/select2/select2-spinner.gif]
[cdn2.editmysite.com/images/vendor/select2/select2x2.png]
[cdn2.editmysite.com/images/util/spinner/spinner-dark.png]
[cdn2.editmysite.com/images/util/spinner/spinner-light.png]
[cdn2.editmysite.com/images/util/loading-white-w24.gif]
[cdn2.editmysite.com/images/common/form_input_bg.gif]
[cdn2.editmysite.com/sprites/site/forms-s3786257308.png]
[cdn2.editmysite.com/sprites/site/forms/@2x-s47607b315a.png]
[cdn2.editmysite.com/images/blank.gif]
[cdn2.editmysite.com/sprites/site/footer-s48158ed9f7.png]
[cdn2.editmysite.com/sprites/site/footer/@2x-s398696b4d5.png]
[cdn2.editmysite.com/images/old/photoswipe/loader.gif]
[cdn2.editmysite.com/images/old/photoswipe/error.gif]
[cdn2.editmysite.com/images/old/photoswipe/icons.png]
[cdn2.editmysite.com/images/old/photoswipe/icons@2x.png]
[cdn2.editmysite.com/css/sitesf8ef.css]
[cdn1.editmysite.com/editor/libraries/fancybox/fancybox_sprite.png]
[cdn1.editmysite.com/editor/libraries/fancybox/fancybox_loading.gif]
[cdn1.editmysite.com/editor/libraries/fancybox/blank.gif]
[cdn1.editmysite.com/editor/libraries/fancybox/fancybox_overlay.png]
[cdn1.editmysite.com/editor/libraries/fancybox/fancybox53f5.css]
[mrhakimsclass.weebly.com/files/theme/social-no-containera7c6.png]
[mrhakimsclass.weebly.com/files/theme/input-bga7c6.png]
[mrhakimsclass.weebly.com/files/theme/submit-bga7c6.png]
[mrhakimsclass.weebly.com/files/theme/border-bottoma7c6.png]
[mrhakimsclass.weebly.com/files/theme/banner-wrap-bga7c6.png]
[mrhakimsclass.weebly.com/files/theme/banner-talla7c6.jpg]
[mrhakimsclass.weebly.com/files/theme/banner-wrap-shorta7c6.jpg]
[mrhakimsclass.weebly.com/files/theme/banner-shorta7c6.jpg]
[mrhakimsclass.weebly.com/files/theme/banner-landinga7c6.jpg]
[mrhakimsclass.weebly.com/files/theme/footer-arrowa7c6.png]
[mrhakimsclass.weebly.com/files/theme/fielda7c6.png]
[mrhakimsclass.weebly.com/files/main_stylea7c6.css]
[fonts.googleapis.com/cssf962.css]
[cdn2.editmysite.com/js/lang/en/stl1a07.js]
[www.google-analytics.com/__utmcb31.gif]
[cdn2.editmysite.com/js/site/mainf8ef.js]
[cdn2.editmysite.com/css/sitesa802.css]
[mrhakimsclass.weebly.com/uploads/3/8/9/1/38919119/header_images/1426446092.jpg]
[cdn2.editmysite.com/js/site/maina802.js]
[mrhakimsclass.weebly.com/6th-gr-social-studies.html]
[cdn2.editmysite.com/js/lang/en/stl40cc.js]
[mrhakimsclass.weebly.com/uploads/3/8/9/1/38919119/8311581_orig.jpg]
[mrhakimsclass.weebly.com/uploads/3/8/9/1/38919119/42116054316a5.gif]
[mrhakimsclass.weebly.com/uploads/3/8/9/1/38919119/842432064.gif]
[mrhakimsclass.weebly.com/uploads/3/8/9/1/38919119/319972866.jpg]
[mrhakimsclass.weebly.com/uploads/3/8/9/1/38919119/2701634_orig.jpg]
[mrhakimsclass.weebly.com/uploads/3/8/9/1/38919119/2556793_orig.jpg]
[mrhakimsclass.weebly.com/uploads/3/8/9/1/38919119/23938ca46.jpg]
[cdn2.editmysite.com/css/sites5783.css]
[cdn2.editmysite.com/js/site/main5783.js]
[cdn2.editmysite.com/js/lang/en/stlae4a.js]
[mrhakimsclass.weebly.com/uploads/3/8/9/1/38919119/5themes.pdf]
[www.weebly.com/weebly/images/file_icons/pdf.png]
[mrhakimsclass.weebly.com/unit-i-mdash-foundations-of-geography.html]
[mrhakimsclass.weebly.com/uploads/3/8/9/1/38919119/8252307_orig.jpg]
[mrhakimsclass.weebly.com/uploads/3/8/9/1/38919119/9246784.jpg]
[cdn1.editmysite.com/editor/images/slideshow/slideshow1923.css]
[cdn1.editmysite.com/editor/libraries/slideshow-jq.a65783.delayed]
[mrhakimsclass.weebly.com/unit-ii-mdash-united-states-and-canada.html]
[mrhakimsclass.weebly.com/uploads/3/8/9/1/38919119/932211151.jpg]
[mrhakimsclass.weebly.com/uploads/3/8/9/1/38919119/la-_introduction.docx]
[www.weebly.com/weebly/images/file_icons/rtf.png]
[mrhakimsclass.weebly.com/uploads/3/8/9/1/38919119/la-_introduction.pptx]
[www.weebly.com/weebly/images/file_icons/xls.png]
[mrhakimsclass.weebly.com/uploads/3/8/9/1/38919119/la-_location_countries___political_maps.docx]
[mrhakimsclass.weebly.com/uploads/3/8/9/1/38919119/la_physical_geo.pptx]
[mrhakimsclass.weebly.com/uploads/3/8/9/1/38919119/la_phys_notes.docx]
[mrhakimsclass.weebly.com/uploads/3/8/9/1/38919119/the_physical_world_through_la.pptx]
[mrhakimsclass.weebly.com/uploads/3/8/9/1/38919119/the_physical_world_through_la.docx]
[mrhakimsclass.weebly.com/uploads/3/8/9/1/38919119/ancient_mesoamerican_civilizations_debate.docx]
[mrhakimsclass.weebly.com/uploads/3/8/9/1/38919119/ancient_mesoamerican_civilizations.pptx]
[mrhakimsclass.weebly.com/unit-iii-mdash-latin-america.html]
[mrhakimsclass.weebly.com/current-events.html]
[mrhakimsclass.weebly.com/uploads/3/8/9/1/38919119/3441910_orig.jpg]
[mrhakimsclass.weebly.com/cranium-club-extra-credit.html]
[cdn2.editmysite.com/css/sites39e6.css]
[cdn2.editmysite.com/js/site/main39e6.js]
[cdn2.editmysite.com/js/lang/en/stl8020.js]
[mrhakimsclass.weebly.com/7th-gr-social-studies.html]
[mrhakimsclass.weebly.com/unit-i-mdash-sub-saharan-africa.html]
[mrhakimsclass.weebly.com/uploads/3/8/9/1/38919119/757037672.jpg]
[mrhakimsclass.weebly.com/uploads/3/8/9/1/38919119/600385860.gif]
[mrhakimsclass.weebly.com/uploads/3/8/9/1/38919119/501101813.jpg]
[mrhakimsclass.weebly.com/uploads/3/8/9/1/38919119/926618324.jpg]
[mrhakimsclass.weebly.com/unit-ii-mdash-north-africamiddle-east.html]
[cdn2.editmysite.com/css/sites303c.css]
[cdn2.editmysite.com/js/site/main303c.js]
[cdn2.editmysite.com/js/lang/en/stl58f6.js]
[mrhakimsclass.weebly.com/unit-iii-mdash-europe.html]
[mrhakimsclass.weebly.com/unit-iv-mdash-russia.html]
[mrhakimsclass.weebly.com/unit-v-mdash-asia-australia-oceania-and-antarctica.html]
[mrhakimsclass.weebly.com/current-events1.html]
[mrhakimsclass.weebly.com/8th-gr-literature.html]
[mrhakimsclass.weebly.com/uploads/3/8/9/1/38919119/symbolism_and_psychological_realism_in_red_badge_of_courage.pdf]
[mrhakimsclass.weebly.com/uploads/3/8/9/1/38919119/the_source_of_cranes_metaphor.pdf]
[mrhakimsclass.weebly.com/uploads/3/8/9/1/38919119/insensibility_in_red_badge_of_courage.pdf]
[mrhakimsclass.weebly.com/uploads/3/8/9/1/38919119/new_york_times_review_1895.jpg]
[www.weebly.com/weebly/images/file_icons/image.png]
[mrhakimsclass.weebly.com/red-badge-of-courage.html]
[mrhakimsclass.weebly.com/uploads/3/8/9/1/38919119/the-pearl-john-steinbeck.pdf]
[mrhakimsclass.weebly.com/uploads/3/8/9/1/38919119/the_pearl_realism_and_allegory.pdf]
[mrhakimsclass.weebly.com/the-pearl.html]
[mrhakimsclass.weebly.com/uploads/3/8/9/1/38919119/927435142.jpg]
[mrhakimsclass.weebly.com/uploads/3/8/9/1/38919119/246488964.jpg]
[mrhakimsclass.weebly.com/uploads/3/8/9/1/38919119/281581921.jpg]
[mrhakimsclass.weebly.com/uploads/3/8/9/1/38919119/474025202.jpg]
[mrhakimsclass.weebly.com/uploads/3/8/9/1/38919119/the_giver_.pdf]
[mrhakimsclass.weebly.com/uploads/3/8/9/1/38919119/interview_with_lois_lowry.pdf]
[mrhakimsclass.weebly.com/uploads/3/8/9/1/38919119/the_giver_as_a_metaphor_for_history.pdf]
[mrhakimsclass.weebly.com/uploads/3/8/9/1/38919119/explorations_with_probability.pdf]
[mrhakimsclass.weebly.com/uploads/3/8/9/1/38919119/making_news_connections.pdf]
[mrhakimsclass.weebly.com/the-giver.html]
[mrhakimsclass.weebly.com/uploads/3/8/9/1/38919119/8856321_orig.jpg]
[mrhakimsclass.weebly.com/uploads/3/8/9/1/38919119/1222710_orig.png]
[mrhakimsclass.weebly.com/uploads/3/8/9/1/38919119/6635593_orig.png]
[mrhakimsclass.weebly.com/uploads/3/8/9/1/38919119/page-layouts-909316_orig.jpg]
[mrhakimsclass.weebly.com/uploads/3/8/9/1/38919119/page-layouts-3216827_orig.jpg]
[mrhakimsclass.weebly.com/uploads/3/8/9/1/38919119/7179481_orig.png]
[mrhakimsclass.weebly.com/uploads/3/8/9/1/38919119/962015_orig.png]
[mrhakimsclass.weebly.com/uploads/3/8/9/1/38919119/1167596_orig.png]
[mrhakimsclass.weebly.com/uploads/3/8/9/1/38919119/ebook_proposal.docx]
[mrhakimsclass.weebly.com/uploads/3/8/9/1/38919119/the-secrets-to-ebook-publishing-success.pdf]
[mrhakimsclass.weebly.com/uploads/3/8/9/1/38919119/smashwords-book-marketing-guide.pdf]
[mrhakimsclass.weebly.com/uploads/3/8/9/1/38919119/smashwords-style-guide.pdf]
[mrhakimsclass.weebly.com/smashwords-anthology-project.html]
[mrhakimsclass.weebly.com/friday-updates/friday-update-6-3-last-week-of-school.html]
[mrhakimsclass.weebly.com/friday-updates/thursday-update-5-26-thank-you-and-enjoy-the-weekend.html]
[mrhakimsclass.weebly.com/friday-updates/friday-5-20-thank-yous-book-update-and-the-week-ahead.html]
[mrhakimsclass.weebly.com/friday-updates/friday-5-13-field-day-and-the-week-ahead.html]
[mrhakimsclass.weebly.com/friday-updates/friday-5-6-quick-update-and-the-week-ahead.html]
[mrhakimsclass.weebly.com/friday-updates/friday-4-29-more-dates-and-the-week-ahead.html]
[mrhakimsclass.weebly.com/friday-updates/friday-4-22-important-dates-and-the-week-ahead.html]
[mrhakimsclass.weebly.com/friday-updates/friday-4-15-goings-on-and-the-week-ahead.html]
[mrhakimsclass.weebly.com/friday-updates/friday-4-8-accreditation-summer-and-the-week-ahead.html]
[mrhakimsclass.weebly.com/friday-updates/friday-3-18-looking-ahead.html]
[mrhakimsclass.weebly.com/friday-updates/previous/2.html]
[mrhakimsclass.weebly.com/friday-updates/archives/06-2016.html]
[mrhakimsclass.weebly.com/friday-updates/archives/05-2016.html]
[mrhakimsclass.weebly.com/friday-updates/archives/04-2016.html]
[mrhakimsclass.weebly.com/friday-updates/archives/03-2016.html]
[mrhakimsclass.weebly.com/friday-updates/archives/02-2016.html]
[mrhakimsclass.weebly.com/friday-updates/archives/01-2016.html]
[mrhakimsclass.weebly.com/friday-updates/archives/12-2015.html]
[mrhakimsclass.weebly.com/friday-updates/archives/11-2015.html]
[mrhakimsclass.weebly.com/friday-updates/archives/10-2015.html]
[mrhakimsclass.weebly.com/friday-updates/category/all.html]
[mrhakimsclass.weebly.com/5/feed]
[cdn2.editmysite.com/images/old/bg_feed.gif]
[mrhakimsclass.weebly.com/friday-updates.html]
[mrhakimsclass.weebly.com/uploads/3/8/9/1/38919119/132296379.jpg]
[mrhakimsclass.weebly.com/newspaper.html]
[mrhakimsclass.weebly.com/uploads/3/8/9/1/38919119/400321.jpg]
[cdn2.editmysite.com/css/sitesb7cb.css]
[cdn1.editmysite.com/editor/images/slideshow/slideshowa400.css]
[cdn2.editmysite.com/js/site/mainb7cb.js]
[cdn1.editmysite.com/editor/libraries/slideshow-jqb7cb.js]
[cdn2.editmysite.com/js/lang/en/stl045c.js]
[mrhakimsclass.weebly.com/photos.html]
[mrhakimsclass.weebly.com/uploads/3/8/9/1/38919119/6940610.jpg]
[mrhakimsclass.weebly.com/uploads/3/8/9/1/38919119/2418707.jpg]
[mrhakimsclass.weebly.com/uploads/3/8/9/1/38919119/9573361.jpg]
[mrhakimsclass.weebly.com/uploads/3/8/9/1/38919119/5671705.jpg]
[mrhakimsclass.weebly.com/uploads/3/8/9/1/38919119/3238605.jpg]
[mrhakimsclass.weebly.com/uploads/3/8/9/1/38919119/2173189.jpg]
[mrhakimsclass.weebly.com/uploads/3/8/9/1/38919119/2907054.jpg]
[mrhakimsclass.weebly.com/uploads/3/8/9/1/38919119/2940748.jpg]
[mrhakimsclass.weebly.com/uploads/3/8/9/1/38919119/1148913.jpg]
[mrhakimsclass.weebly.com/uploads/3/8/9/1/38919119/4290264.jpg]
[mrhakimsclass.weebly.com/uploads/3/8/9/1/38919119/2418707_orig.jpg]
[mrhakimsclass.weebly.com/uploads/3/8/9/1/38919119/9573361_orig.jpg]
[mrhakimsclass.weebly.com/uploads/3/8/9/1/38919119/5671705_orig.jpg]
[mrhakimsclass.weebly.com/uploads/3/8/9/1/38919119/3238605_orig.jpg]
[mrhakimsclass.weebly.com/uploads/3/8/9/1/38919119/2173189_orig.jpg]
[mrhakimsclass.weebly.com/uploads/3/8/9/1/38919119/2907054_orig.jpg]
[mrhakimsclass.weebly.com/uploads/3/8/9/1/38919119/2940748_orig.jpg]
[mrhakimsclass.weebly.com/uploads/3/8/9/1/38919119/1148913_orig.jpg]
[mrhakimsclass.weebly.com/uploads/3/8/9/1/38919119/4290264_orig.jpg]
[mrhakimsclass.weebly.com/uploads/3/8/9/1/38919119/1921264_orig.jpg]
[mrhakimsclass.weebly.com/uploads/3/8/9/1/38919119/1921264.jpg]
[mrhakimsclass.weebly.com/uploads/3/8/9/1/38919119/1994117_orig.jpg]
[mrhakimsclass.weebly.com/uploads/3/8/9/1/38919119/1994117.jpg]
[mrhakimsclass.weebly.com/uploads/3/8/9/1/38919119/569004_orig.jpg]
[mrhakimsclass.weebly.com/uploads/3/8/9/1/38919119/569004.jpg]
[mrhakimsclass.weebly.com/uploads/3/8/9/1/38919119/4973437_orig.jpg]
[mrhakimsclass.weebly.com/uploads/3/8/9/1/38919119/4973437.jpg]
[mrhakimsclass.weebly.com/uploads/3/8/9/1/38919119/8801921_orig.jpg]
[mrhakimsclass.weebly.com/uploads/3/8/9/1/38919119/8801921.jpg]
[mrhakimsclass.weebly.com/uploads/3/8/9/1/38919119/1143176_orig.jpg]
[mrhakimsclass.weebly.com/uploads/3/8/9/1/38919119/1143176.jpg]
[mrhakimsclass.weebly.com/uploads/3/8/9/1/38919119/8789073_orig.jpg]
[mrhakimsclass.weebly.com/uploads/3/8/9/1/38919119/8789073.jpg]
[mrhakimsclass.weebly.com/uploads/3/8/9/1/38919119/9096513_orig.jpg]
[mrhakimsclass.weebly.com/uploads/3/8/9/1/38919119/9096513.jpg]
[mrhakimsclass.weebly.com/uploads/3/8/9/1/38919119/6534399_orig.jpg]
[mrhakimsclass.weebly.com/uploads/3/8/9/1/38919119/6534399.jpg]
[mrhakimsclass.weebly.com/uploads/3/8/9/1/38919119/2412784_orig.jpg]
[mrhakimsclass.weebly.com/uploads/3/8/9/1/38919119/2412784.jpg]
[mrhakimsclass.weebly.com/uploads/3/8/9/1/38919119/644138_orig.jpg]
[mrhakimsclass.weebly.com/uploads/3/8/9/1/38919119/644138.jpg]
[mrhakimsclass.weebly.com/uploads/3/8/9/1/38919119/1366070_orig.jpg]
[mrhakimsclass.weebly.com/uploads/3/8/9/1/38919119/1366070.jpg]
[mrhakimsclass.weebly.com/uploads/3/8/9/1/38919119/5240697_orig.jpg]
[mrhakimsclass.weebly.com/uploads/3/8/9/1/38919119/5240697.jpg]
[mrhakimsclass.weebly.com/uploads/3/8/9/1/38919119/7989082_orig.jpg]
[mrhakimsclass.weebly.com/uploads/3/8/9/1/38919119/7989082.jpg]
[mrhakimsclass.weebly.com/uploads/3/8/9/1/38919119/4146235_orig.jpg]
[mrhakimsclass.weebly.com/uploads/3/8/9/1/38919119/4146235.jpg]
[mrhakimsclass.weebly.com/uploads/3/8/9/1/38919119/3502220_orig.jpg]
[mrhakimsclass.weebly.com/uploads/3/8/9/1/38919119/3502220.jpg]
[mrhakimsclass.weebly.com/uploads/3/8/9/1/38919119/832708_orig.jpg]
[mrhakimsclass.weebly.com/uploads/3/8/9/1/38919119/832708.jpg]
[mrhakimsclass.weebly.com/uploads/3/8/9/1/38919119/2520935_orig.jpg]
[mrhakimsclass.weebly.com/uploads/3/8/9/1/38919119/2520935.jpg]
[mrhakimsclass.weebly.com/uploads/3/8/9/1/38919119/4727413_orig.jpg]
[mrhakimsclass.weebly.com/uploads/3/8/9/1/38919119/4727413.jpg]
[mrhakimsclass.weebly.com/uploads/3/8/9/1/38919119/4544124_orig.jpg]
[mrhakimsclass.weebly.com/uploads/3/8/9/1/38919119/2010198_orig.jpg]
[mrhakimsclass.weebly.com/uploads/3/8/9/1/38919119/5282044_orig.jpg]
[mrhakimsclass.weebly.com/uploads/3/8/9/1/38919119/8210438_orig.jpg]
[mrhakimsclass.weebly.com/uploads/3/8/9/1/38919119/2486731_orig.jpg]
[mrhakimsclass.weebly.com/uploads/3/8/9/1/38919119/8885871_orig.jpg]
[mrhakimsclass.weebly.com/uploads/3/8/9/1/38919119/3176682_orig.jpg]
[mrhakimsclass.weebly.com/uploads/3/8/9/1/38919119/3866133_orig.jpg]
[mrhakimsclass.weebly.com/uploads/3/8/9/1/38919119/3866133.jpg]
[mrhakimsclass.weebly.com/uploads/3/8/9/1/38919119/7176048_orig.jpg]
[mrhakimsclass.weebly.com/uploads/3/8/9/1/38919119/7176048.jpg]
[mrhakimsclass.weebly.com/uploads/3/8/9/1/38919119/2600450_orig.jpg]
[mrhakimsclass.weebly.com/uploads/3/8/9/1/38919119/2600450.jpg]
[mrhakimsclass.weebly.com/uploads/3/8/9/1/38919119/7237340_orig.jpg]
[mrhakimsclass.weebly.com/uploads/3/8/9/1/38919119/7237340.jpg]
[mrhakimsclass.weebly.com/uploads/3/8/9/1/38919119/8218483_orig.jpg]
[mrhakimsclass.weebly.com/uploads/3/8/9/1/38919119/8218483.jpg]
[mrhakimsclass.weebly.com/uploads/3/8/9/1/38919119/9450771_orig.jpg]
[mrhakimsclass.weebly.com/uploads/3/8/9/1/38919119/9450771.jpg]
[mrhakimsclass.weebly.com/uploads/3/8/9/1/38919119/8086183_orig.jpg]
[mrhakimsclass.weebly.com/uploads/3/8/9/1/38919119/8086183.jpg]
[mrhakimsclass.weebly.com/uploads/3/8/9/1/38919119/7965825_orig.jpg]
[mrhakimsclass.weebly.com/uploads/3/8/9/1/38919119/9777862_orig.jpg]
[mrhakimsclass.weebly.com/uploads/3/8/9/1/38919119/1387510_orig.jpg]
[mrhakimsclass.weebly.com/uploads/3/8/9/1/38919119/1989274_orig.jpg]
[mrhakimsclass.weebly.com/uploads/3/8/9/1/38919119/4436447_orig.jpg]
[mrhakimsclass.weebly.com/uploads/3/8/9/1/38919119/8853749_orig.jpg]
[mrhakimsclass.weebly.com/uploads/3/8/9/1/38919119/9748964_orig.jpg]
[mrhakimsclass.weebly.com/uploads/3/8/9/1/38919119/5489910_orig.jpg]
[mrhakimsclass.weebly.com/uploads/3/8/9/1/38919119/6553480_orig.jpg]
[mrhakimsclass.weebly.com/uploads/3/8/9/1/38919119/2491508_orig.jpg]
[mrhakimsclass.weebly.com/uploads/3/8/9/1/38919119/2824827_orig.jpg]
[mrhakimsclass.weebly.com/uploads/3/8/9/1/38919119/6999314_orig.jpg]
[mrhakimsclass.weebly.com/uploads/3/8/9/1/38919119/617961_orig.jpg]
[mrhakimsclass.weebly.com/uploads/3/8/9/1/38919119/5499316_orig.jpg]
[mrhakimsclass.weebly.com/uploads/3/8/9/1/38919119/3356050_orig.jpg]
[mrhakimsclass.weebly.com/uploads/3/8/9/1/38919119/1978317_orig.jpg]
[mrhakimsclass.weebly.com/uploads/3/8/9/1/38919119/7024799_orig.jpg]
[mrhakimsclass.weebly.com/photosvideos-2014-2015.html]
[mrhakimsclass.weebly.com/uploads/3/8/9/1/38919119/928080.jpg]
[cdn1.editmysite.com/editor/images/slideshow/slideshowf1bb.css]
[cdn1.editmysite.com/editor/libraries/slideshow-jq.163a802.delayed]
[mrhakimsclass.weebly.com/photosvideo-2015-2016.html]
[mrhakimsclass.weebly.com/uploads/3/8/9/1/38919119/1410024230.jpg]
[mrhakimsclass.weebly.com/uploads/3/8/9/1/38919119/1297999_orig.jpg]
[mrhakimsclass.weebly.com/uploads/3/8/9/1/38919119/header_images/1426445807.jpg]
[mrhakimsclass.weebly.com/about.html]
[mrhakimsclass.weebly.com/uploads/3/8/9/1/38919119/header_images/1426447222.jpg]
[mrhakimsclass.weebly.com/contact.html]
[cdn2.editmysite.com/js/site/footerSignup2454.js]
[cdn2.editmysite.com/js/wsnbn/snowday262.js]
[secure.quantserve.com/quant.js]
[mrhakimsclass.weebly.com/files/theme/short-wrappera7c6.html]
[mrhakimsclass.weebly.com/files/theme/no-header-wrappera7c6.html]
[mrhakimsclass.weebly.com/files/theme/banner-splash-bga7c6.html]
[mrhakimsclass.weebly.com/files/theme/banner-splasha7c6.html]
[mrhakimsclass.weebly.com/Before you execute the binding your view must have a model or a collection.html]
[mrhakimsclass.weebly.com/mustache.html]
[mrhakimsclass.weebly.com/GET.html]
[mrhakimsclass.weebly.com/formSubmit.html]
[mrhakimsclass.weebly.com/formSubmitAjax.html]
[mrhakimsclass.weebly.com/weebly/libraries/videojs/video-js.html]
[mrhakimsclass.weebly.com/AppleWebKit/index.html]
[mrhakimsclass.weebly.com/Mobile/index.html]
[cdn2.editmysite.com/css/sitesa802.css]
[cdn2.editmysite.com/js/site/maina802.js]
[cdn2.editmysite.com/js/lang/en/stl40cc.js]
[cdn2.editmysite.com/css/sites5783.css]
[cdn2.editmysite.com/js/site/main5783.js]
[cdn2.editmysite.com/js/lang/en/stlae4a.js]
[cdn1.editmysite.com/editor/images/slideshow/control_icons.gif]
[cdn1.editmysite.com/editor/images/slideshow/header_slideshow_sprites.png]
[cdn1.editmysite.com/editor/images/slideshow/loading.gif]
[cdn1.editmysite.com/editor/images/slideshow/header_slideshow_sprites1x.png]
[cdn1.editmysite.com/editor/images/slideshow/slideshow1923.css]
[cdn1.editmysite.com/editor/libraries/slideshow-jq5783.html]
[cdn2.editmysite.com/css/sites39e6.css]
[cdn2.editmysite.com/js/site/main39e6.js]
[cdn2.editmysite.com/js/lang/en/stl8020.js]
[cdn2.editmysite.com/css/sites303c.css]
[cdn2.editmysite.com/js/site/main303c.js]
[cdn2.editmysite.com/js/lang/en/stl58f6.js]
[mrhakimsclass.weebly.com/uploads/3/8/9/1/38919119/smashwords-style-guide.pdf]
[cdn2.editmysite.com/css/sites90f4.css]
[cdn2.editmysite.com/js/site/main90f4.js]
[cdn2.editmysite.com/js/lang/en/stl1222.js]
[mrhakimsclass.weebly.com/friday-updates/friday-update-6-3-last-week-of-school.html]
[mrhakimsclass.weebly.com/friday-updates/thursday-update-5-26-thank-you-and-enjoy-the-weekend.html]
[mrhakimsclass.weebly.com/friday-updates/friday-5-20-thank-yous-book-update-and-the-week-ahead.html]
[mrhakimsclass.weebly.com/friday-updates/friday-5-13-field-day-and-the-week-ahead.html]
[cdn2.editmysite.com/css/sitesae5b.css]
[cdn2.editmysite.com/js/site/mainae5b.js]
[cdn2.editmysite.com/js/lang/en/stleeaa.js]
[mrhakimsclass.weebly.com/friday-updates/friday-5-6-quick-update-and-the-week-ahead.html]
[cdn2.editmysite.com/css/sites8f16.css]
[cdn2.editmysite.com/js/site/main8f16.js]
[cdn2.editmysite.com/js/lang/en/stl4ac5.js]
[mrhakimsclass.weebly.com/friday-updates/friday-4-29-more-dates-and-the-week-ahead.html]
[cdn2.editmysite.com/css/sitesea20.css]
[cdn2.editmysite.com/js/site/mainea20.js]
[cdn2.editmysite.com/js/lang/en/stleaf3.js]
[mrhakimsclass.weebly.com/friday-updates/friday-4-22-important-dates-and-the-week-ahead.html]
[cdn2.editmysite.com/css/sites194b.css]
[cdn2.editmysite.com/js/site/main194b.js]
[cdn2.editmysite.com/js/lang/en/stl8a40.js]
[mrhakimsclass.weebly.com/friday-updates/friday-4-15-goings-on-and-the-week-ahead.html]
[cdn2.editmysite.com/css/sites2108.css]
[cdn2.editmysite.com/js/site/main2108.js]
[cdn2.editmysite.com/js/lang/en/stle681.js]
[mrhakimsclass.weebly.com/friday-updates/friday-4-8-accreditation-summer-and-the-week-ahead.html]
[cdn2.editmysite.com/css/sites09b1.css]
[cdn2.editmysite.com/js/site/main09b1.js]
[cdn2.editmysite.com/js/lang/en/stlc4e0.js]
[mrhakimsclass.weebly.com/friday-updates/friday-3-18-looking-ahead.html]
[mrhakimsclass.weebly.com/friday-updates/friday-3-11-reading-month-and-the-week-ahead.html]
[mrhakimsclass.weebly.com/friday-updates/friday-3-4-progress-reports-and-the-week-ahead.html]
[mrhakimsclass.weebly.com/friday-updates/friday-2-26-progress-reports-march-and-the-week-ahead.html]
[mrhakimsclass.weebly.com/friday-updates/friday-2-12-thank-yous-and-winter-break.html]
[mrhakimsclass.weebly.com/friday-updates/friday-2-5-auction-catholic-schools-week-and-week-ahead.html]
[mrhakimsclass.weebly.com/friday-updates/friday-1-29-report-cards-open-house-and-auction-2016.html]
[mrhakimsclass.weebly.com/friday-updates/friday-1-22-announcements-and-week-ahead.html]
[mrhakimsclass.weebly.com/friday-updates/friday-1-15-news-notes-and-the-week-ahead.html]
[mrhakimsclass.weebly.com/friday-updates/friday-1-8-the-week-ahead.html]
[mrhakimsclass.weebly.com/friday-updates/friday-12-11-honors-best-wishes-and-the-week-ahead.html]
[mrhakimsclass.weebly.com/friday-updates/previous/3.html]
[mrhakimsclass.weebly.com/friday-updates/previous/2.html]
[mrhakimsclass.weebly.com/friday-updates/archives/06-2016.html]
[mrhakimsclass.weebly.com/friday-updates/archives/05-2016.html]
[mrhakimsclass.weebly.com/friday-updates/archives/04-2016.html]
[mrhakimsclass.weebly.com/friday-updates/archives/03-2016.html]
[mrhakimsclass.weebly.com/friday-updates/archives/02-2016.html]
[mrhakimsclass.weebly.com/friday-updates/archives/01-2016.html]
[cdn2.editmysite.com/css/sitesa108.css]
[cdn2.editmysite.com/js/site/maina108.js]
[cdn2.editmysite.com/js/lang/en/stl6121.js]
[mrhakimsclass.weebly.com/friday-updates/friday-12-4-a-look-into-coming-weeks.html]
[mrhakimsclass.weebly.com/friday-updates/archives/12-2015.html]
[mrhakimsclass.weebly.com/friday-updates/friday-11-20-report-cards-conferences-and-happy-thanksgiving.html]
[mrhakimsclass.weebly.com/friday-updates/friday-11-13-ara-the-dia-and-report-cards.html]
[mrhakimsclass.weebly.com/friday-updates/friday-11-6-the-week-ahead.html]
[mrhakimsclass.weebly.com/friday-updates/archives/11-2015.html]
[mrhakimsclass.weebly.com/friday-updates/friday-10-30-some-thank-yous-and-the-week-ahead.html]
[mrhakimsclass.weebly.com/friday-updates/friday-10-19-the-week-ahead.html]
[mrhakimsclass.weebly.com/friday-updates/friday-update-10-16-some-notes-and-the-week-ahead.html]
[mrhakimsclass.weebly.com/friday-updates/archives/10-2015.html]
[cdn2.editmysite.com/css/sites9435.css]
[cdn2.editmysite.com/js/site/main9435.js]
[cdn2.editmysite.com/js/lang/en/stl7588.js]
[mrhakimsclass.weebly.com/friday-updates/category/all/2.html]
[mrhakimsclass.weebly.com/friday-updates/category/all.html]
[cdn2.editmysite.com/css/sitesb7cb.css]
[cdn1.editmysite.com/editor/images/slideshow/slideshowa400.css]
[cdn2.editmysite.com/js/site/mainb7cb.js]
[cdn1.editmysite.com/editor/libraries/slideshow-jqb7cb.html]
[cdn2.editmysite.com/js/lang/en/stl045c.js]
[cdn1.editmysite.com/editor/images/slideshow/slideshowf1bb.css]
[cdn1.editmysite.com/editor/libraries/slideshow-jqa802.html]
[mrhakimsclass.weebly.com/ABCDEFGHIJKLMNOPQRSTUVWXYZabcdefghijklmnopqrstuvwxyz0123456789+/index.html]
[mrhakimsclass.weebly.com/payload.html]
[mrhakimsclass.weebly.com/POST.html]
[cdn2.editmysite.com/css/sites90f4.css]
[cdn2.editmysite.com/js/site/main90f4.js]
[cdn2.editmysite.com/js/lang/en/stl1222.js]
[cdn2.editmysite.com/css/sitesae5b.css]
[cdn2.editmysite.com/js/site/mainae5b.js]
[cdn2.editmysite.com/js/lang/en/stleeaa.js]
[cdn2.editmysite.com/css/sites8f16.css]
[cdn2.editmysite.com/js/site/main8f16.js]
[cdn2.editmysite.com/js/lang/en/stl4ac5.js]
[cdn2.editmysite.com/css/sitesea20.css]
[cdn2.editmysite.com/js/site/mainea20.js]
[cdn2.editmysite.com/js/lang/en/stleaf3.js]
[cdn2.editmysite.com/css/sites194b.css]
[cdn2.editmysite.com/js/site/main194b.js]
[cdn2.editmysite.com/js/lang/en/stl8a40.js]
[cdn2.editmysite.com/css/sites2108.css]
[cdn2.editmysite.com/js/site/main2108.js]
[cdn2.editmysite.com/js/lang/en/stle681.js]
[cdn2.editmysite.com/css/sites09b1.css]
[cdn2.editmysite.com/js/site/main09b1.js]
[cdn2.editmysite.com/js/lang/en/stlc4e0.js]
[mrhakimsclass.weebly.com/friday-updates/friday-3-11-reading-month-and-the-week-ahead.html]
[cdn2.editmysite.com/css/sitesbe70.css]
[cdn2.editmysite.com/js/site/mainbe70.js]
[cdn2.editmysite.com/js/lang/en/stl73c7.js]
[mrhakimsclass.weebly.com/friday-updates/friday-3-4-progress-reports-and-the-week-ahead.html]
[cdn2.editmysite.com/css/sites79a6.css]
[cdn2.editmysite.com/js/site/main79a6.js]
[cdn2.editmysite.com/js/lang/en/stlffd4.js]
[mrhakimsclass.weebly.com/friday-updates/friday-2-26-progress-reports-march-and-the-week-ahead.html]
[cdn2.editmysite.com/css/sites17c6.css]
[cdn2.editmysite.com/js/site/main17c6.js]
[cdn2.editmysite.com/js/lang/en/stlf010.js]
[mrhakimsclass.weebly.com/friday-updates/friday-2-12-thank-yous-and-winter-break.html]
[cdn2.editmysite.com/css/sitesfe45.css]
[cdn2.editmysite.com/js/site/mainfe45.js]
[cdn2.editmysite.com/js/lang/en/stl53f3.js]
[mrhakimsclass.weebly.com/friday-updates/friday-2-5-auction-catholic-schools-week-and-week-ahead.html]
[mrhakimsclass.weebly.com/friday-updates/friday-1-29-report-cards-open-house-and-auction-2016.html]
[mrhakimsclass.weebly.com/friday-updates/friday-1-22-announcements-and-week-ahead.html]
[mrhakimsclass.weebly.com/friday-updates/friday-1-15-news-notes-and-the-week-ahead.html]
[mrhakimsclass.weebly.com/friday-updates/friday-1-8-the-week-ahead.html]
[mrhakimsclass.weebly.com/friday-updates/friday-12-11-honors-best-wishes-and-the-week-ahead.html]
[cdn2.editmysite.com/css/sites6950.css]
[cdn2.editmysite.com/js/site/main6950.js]
[cdn2.editmysite.com/js/lang/en/stlf7ab.js]
[mrhakimsclass.weebly.com/friday-updates/previous/3.html]
[cdn2.editmysite.com/css/sitesa108.css]
[cdn2.editmysite.com/js/site/maina108.js]
[cdn2.editmysite.com/js/lang/en/stl6121.js]
[cdn2.editmysite.com/css/sites00c3.css]
[cdn2.editmysite.com/js/site/main00c3.js]
[cdn2.editmysite.com/js/lang/en/stl3260.js]
[mrhakimsclass.weebly.com/friday-updates/friday-12-4-a-look-into-coming-weeks.html]
[mrhakimsclass.weebly.com/friday-updates/friday-11-20-report-cards-conferences-and-happy-thanksgiving.html]
[mrhakimsclass.weebly.com/friday-updates/friday-11-13-ara-the-dia-and-report-cards.html]
[mrhakimsclass.weebly.com/friday-updates/friday-11-6-the-week-ahead.html]
[mrhakimsclass.weebly.com/friday-updates/friday-10-30-some-thank-yous-and-the-week-ahead.html]
[mrhakimsclass.weebly.com/friday-updates/friday-10-19-the-week-ahead.html]
[cdn2.editmysite.com/css/sites0558.css]
[cdn2.editmysite.com/js/site/main0558.js]
[cdn2.editmysite.com/js/lang/en/stl2fd3.js]
[mrhakimsclass.weebly.com/friday-updates/friday-update-10-16-some-notes-and-the-week-ahead.html]
[cdn2.editmysite.com/css/sites9435.css]
[mrhakimsclass.weebly.com/friday-updates/category/Before you execute the binding your view must have a model or a collection.html]
[mrhakimsclass.weebly.com/friday-updates/category/mustache.html]
[mrhakimsclass.weebly.com/friday-updates/category/GET.html]
[mrhakimsclass.weebly.com/friday-updates/category/formSubmit.html]
[mrhakimsclass.weebly.com/friday-updates/category/formSubmitAjax.html]
[cdn2.editmysite.com/js/site/main9435.js]
[cdn2.editmysite.com/js/lang/en/stl7588.js]
[cdn2.editmysite.com/css/sites7a1a.css]
[cdn2.editmysite.com/js/site/main7a1a.js]
[cdn2.editmysite.com/js/lang/en/stlb0e9.js]
[mrhakimsclass.weebly.com/friday-updates/category/all/3.html]
[mrhakimsclass.weebly.com/friday-updates/category/all/2.html]
[mrhakimsclass.weebly.com/friday-updates/Before you execute the binding your view must have a model or a collection.html]
[mrhakimsclass.weebly.com/friday-updates/mustache.html]
[mrhakimsclass.weebly.com/friday-updates/GET.html]
[mrhakimsclass.weebly.com/friday-updates/formSubmit.html]
[mrhakimsclass.weebly.com/friday-updates/formSubmitAjax.html]
[mrhakimsclass.weebly.com/friday-updates/AppleWebKit/index.html]
[mrhakimsclass.weebly.com/friday-updates/Mobile/index.html]
[cdn2.editmysite.com/css/sitesbe70.css]
[cdn2.editmysite.com/js/site/mainbe70.js]
[cdn2.editmysite.com/js/lang/en/stl73c7.js]
[cdn2.editmysite.com/css/sites79a6.css]
[cdn2.editmysite.com/js/site/main79a6.js]
[cdn2.editmysite.com/js/lang/en/stlffd4.js]
[cdn2.editmysite.com/css/sites17c6.css]
[cdn2.editmysite.com/js/site/main17c6.js]
[cdn2.editmysite.com/js/lang/en/stlf010.js]
[cdn2.editmysite.com/css/sitesfe45.css]
[cdn2.editmysite.com/js/site/mainfe45.js]
[cdn2.editmysite.com/js/lang/en/stl53f3.js]
[cdn2.editmysite.com/css/sites6950.css]
[mrhakimsclass.weebly.com/friday-updates/previous/mustache.html]
[mrhakimsclass.weebly.com/friday-updates/previous/GET.html]
[mrhakimsclass.weebly.com/friday-updates/previous/formSubmit.html]
[cdn2.editmysite.com/js/site/main6950.js]
[mrhakimsclass.weebly.com/friday-updates/previous/formSubmitAjax.html]
[cdn2.editmysite.com/js/lang/en/stlf7ab.js]
[mrhakimsclass.weebly.com/friday-updates/archives/Before you execute the binding your view must have a model or a collection.html]
[mrhakimsclass.weebly.com/friday-updates/archives/mustache.html]
[mrhakimsclass.weebly.com/friday-updates/archives/GET.html]
[mrhakimsclass.weebly.com/friday-updates/archives/formSubmit.html]
[mrhakimsclass.weebly.com/friday-updates/archives/formSubmitAjax.html]
[mrhakimsclass.weebly.com/friday-updates/archives/AppleWebKit/index.html]
[mrhakimsclass.weebly.com/friday-updates/archives/Mobile/index.html]
[cdn2.editmysite.com/css/sites00c3.css]
[cdn2.editmysite.com/js/site/main00c3.js]
[cdn2.editmysite.com/js/lang/en/stl3260.js]
[cdn2.editmysite.com/css/sites0558.css]
[cdn2.editmysite.com/js/site/main0558.js]
[cdn2.editmysite.com/js/lang/en/stl2fd3.js]
[mrhakimsclass.weebly.com/friday-updates/category/before you execute the binding your view must have a model or a collection-2.html]
[cdn2.editmysite.com/css/sites2454.css]
[cdn2.editmysite.com/js/site/main2454.js]
[cdn2.editmysite.com/js/lang/en/stl408a.js]
[www.google.com/recaptcha/api.js]
[mrhakimsclass.weebly.com/friday-updates/category/Before you execute the binding your view must have a model or a collection.html]
[mrhakimsclass.weebly.com/friday-updates/category/mustache.html]
[mrhakimsclass.weebly.com/friday-updates/category/GET.html]
[mrhakimsclass.weebly.com/friday-updates/category/get-2.html]
[mrhakimsclass.weebly.com/friday-updates/category/formsubmit-2.html]
[mrhakimsclass.weebly.com/friday-updates/category/formSubmit.html]
[mrhakimsclass.weebly.com/friday-updates/category/formSubmitAjax.html]
[mrhakimsclass.weebly.com/friday-updates/category/formsubmitajax-2.html]
[mrhakimsclass.weebly.com/friday-updates/category/applewebkit.html]
[mrhakimsclass.weebly.com/friday-updates/category/AppleWebKit/index.html]
[mrhakimsclass.weebly.com/friday-updates/category/Mobile/index.html]
[cdn2.editmysite.com/css/sites7a1a.css]
[mrhakimsclass.weebly.com/friday-updates/category/mobile.html]
[mrhakimsclass.weebly.com/friday-updates/category/all/mustache.html]
[mrhakimsclass.weebly.com/friday-updates/category/all/GET.html]
[mrhakimsclass.weebly.com/friday-updates/category/all/formSubmit.html]
[cdn2.editmysite.com/js/site/main7a1a.js]
[mrhakimsclass.weebly.com/friday-updates/category/all/formSubmitAjax.html]
[cdn2.editmysite.com/js/lang/en/stlb0e9.js]
[cdn2.editmysite.com/css/sites371e.css]
[cdn2.editmysite.com/js/site/main371e.js]
[cdn2.editmysite.com/js/lang/en/stl9179.js]
[mrhakimsclass.weebly.com/friday-updates/category/all/3.html]
[mrhakimsclass.weebly.com/friday-updates/applewebkit.html]
[mrhakimsclass.weebly.com/friday-updates/mobile.html]
[mrhakimsclass.weebly.com/friday-updates/previous/Before you execute the binding your view must have a model or a collection.html]
[mrhakimsclass.weebly.com/friday-updates/previous/mustache.html]
[mrhakimsclass.weebly.com/friday-updates/previous/GET.html]
[mrhakimsclass.weebly.com/friday-updates/previous/1.html]
[mrhakimsclass.weebly.com/friday-updates/previous/formSubmit.html]
[mrhakimsclass.weebly.com/friday-updates/previous/formSubmitAjax.html]
[mrhakimsclass.weebly.com/friday-updates/previous/AppleWebKit/index.html]
[mrhakimsclass.weebly.com/friday-updates/previous/applewebkit.html]
[mrhakimsclass.weebly.com/friday-updates/previous/mobile.html]
[mrhakimsclass.weebly.com/friday-updates/previous/Mobile/index.html]
[mrhakimsclass.weebly.com/friday-updates/archives/applewebkit.html]
[mrhakimsclass.weebly.com/friday-updates/archives/mobile.html]
[mrhakimsclass.weebly.com/friday-updates/category/before you execute the binding your view must have a model or a collection-2.html]
[cdn2.editmysite.com/css/sites2454.css]
[mrhakimsclass.weebly.com/files/templateArtifactsa7c6.js]
[cdn2.editmysite.com/js/site/main2454.js]
[cdn2.editmysite.com/js/lang/en/stl408a.js]
[mrhakimsclass.weebly.com/friday-updates/category/get-2.html]
[mrhakimsclass.weebly.com/friday-updates/category/formsubmit-2.html]
[mrhakimsclass.weebly.com/friday-updates/category/formsubmitajax-2.html]
[mrhakimsclass.weebly.com/friday-updates/category/applewebkit.html]
[mrhakimsclass.weebly.com/friday-updates/category/mobile.html]
[mrhakimsclass.weebly.com/friday-updates/category/all/Before you execute the binding your view must have a model or a collection.html]
[mrhakimsclass.weebly.com/friday-updates/category/all/mustache.html]
[mrhakimsclass.weebly.com/friday-updates/category/all/1.html]
[mrhakimsclass.weebly.com/friday-updates/category/all/GET.html]
[mrhakimsclass.weebly.com/friday-updates/category/all/formSubmit.html]
[mrhakimsclass.weebly.com/friday-updates/category/all/formSubmitAjax.html]
[mrhakimsclass.weebly.com/friday-updates/category/all/AppleWebKit/index.html]
[mrhakimsclass.weebly.com/friday-updates/category/all/applewebkit.html]
[mrhakimsclass.weebly.com/friday-updates/category/all/mobile.html]
[mrhakimsclass.weebly.com/friday-updates/category/all/Mobile/index.html]
[cdn2.editmysite.com/css/sites371e.css]
[cdn2.editmysite.com/js/site/main371e.js]
[cdn2.editmysite.com/js/lang/en/stl9179.js]
[mrhakimsclass.weebly.com/friday-updates/previous/1.html]
[mrhakimsclass.weebly.com/friday-updates/previous/applewebkit.html]
[mrhakimsclass.weebly.com/friday-updates/previous/mobile.html]
[mrhakimsclass.weebly.com/friday-updates/category/all/1.html]
[mrhakimsclass.weebly.com/friday-updates/category/all/applewebkit.html]
[mrhakimsclass.weebly.com/friday-updates/category/all/mobile.html]
